// Jest Snapshot v1, https://goo.gl/fbAQLP

exports[`page view renders 1`] = `
<DocumentFragment>
  <mock-narrowmodedetector
    childrenprops="[object Object]"
    deps="[object Object]"
    isnarrowmodeenabled="true"
  />
  <main>
    INSIDE
  </main>
</DocumentFragment>
`;
