// Jest Snapshot v1, https://goo.gl/fbAQLP

exports[`ContentPanel renders closed 1`] = `<DocumentFragment />`;

exports[`ContentPanel renders from content 1`] = `
<DocumentFragment>
  <span
    class="ms-layer"
  />
</DocumentFragment>
`;

exports[`ContentPanel renders from path 1`] = `
<DocumentFragment>
  <span
    class="ms-layer"
  />
</DocumentFragment>
`;
