// Jest Snapshot v1, https://goo.gl/fbAQLP

exports[`content view renders 1`] = `
<DocumentFragment>
  <mock-page
    deps="[object Object]"
  >
    <div
      class="content-container"
    >
      <div
        class="content-left"
      />
      <div
        class="content"
      >
        <p>
          THE CONTENT
        </p>
      </div>
      <div
        class="content-right"
      />
    </div>
  </mock-page>
</DocumentFragment>
`;
