// Jest Snapshot v1, https://goo.gl/fbAQLP

exports[`NextRequirementButton renders 1`] = `
<DocumentFragment>
  <mock-customizeddefaultbutton>
    <span />
  </mock-customizeddefaultbutton>
</DocumentFragment>
`;
