// Jest Snapshot v1, https://goo.gl/fbAQLP

exports[`SaveAssessmentButton on dialog enabled snapshot of dialog 1`] = `
<DocumentFragment>
  <a
    class="ms-Button ms-Button--action ms-Button--command root-109"
    data-is-focusable="true"
    download="download"
    href="url"
  >
    <span
      class="ms-Button-flexContainer flexContainer-110"
      data-automationid="splitbuttonprimary"
    >
      <i
        aria-hidden="true"
        class="ms-Icon root-105 ms-Button-icon icon-112"
        data-icon-name="Save"
      />
      <span
        class="ms-Button-textContainer textContainer-111"
      >
        <span
          class="ms-Button-label label-113"
          id="id__0"
        >
          Save assessment
        </span>
      </span>
    </span>
  </a>
  <mock-dialog
    dialogcontentprops="[object Object]"
    hidden="false"
    modalprops="[object Object]"
  >
    <div
      class="dialogBody"
    >
      To load this assessment, use the 
      <strong>
        Load assessment
      </strong>
       button in the Accessibility Insights Assessment command bar.
    </div>
    <mock-styleddialogfooterbase>
      <mock-stack
        horizontal="true"
        horizontalalign="space-between"
        tokens="[object Object]"
        verticalalign="center"
        wrap="true"
      >
        <mock-stackitem
          disableshrink="true"
          grow="true"
        >
          <mock-styledcheckboxbase
            label="Don't show again"
            value="false"
          />
        </mock-stackitem>
        <mock-stackitem
          grow="true"
        >
          <mock-customizedprimarybutton
            text="Got it"
          />
        </mock-stackitem>
      </mock-stack>
    </mock-styleddialogfooterbase>
  </mock-dialog>
</DocumentFragment>
`;
