// Jest Snapshot v1, https://goo.gl/fbAQLP

exports[`RelatedPathsCardRow renders matching snapshot with related paths present 1`] = `
<DocumentFragment>
  <mock-simplecardrow
    content="[object Object]"
    label="Related paths"
    rowkey="related-paths-row-123"
  />
</DocumentFragment>
`;
