// Jest Snapshot v1, https://goo.gl/fbAQLP

exports[`RulesWithInstances renders 1`] = `
<DocumentFragment>
  <div
    class="ruleDetailsGroup"
    data-automation-id="rule-details-group"
  >
    <div
      class="collapsibleRuleDetailsGroup collapsibleContainer collapsed"
      data-automation-id="cards-rule-group"
    >
      <h5
        class="headingElementForLevel"
      >
        <button
          aria-expanded="false"
          aria-label="5 Passed some-rule sample-description"
          class="ms-Button ms-Button--action ms-Button--command collapsibleControl root-109"
          data-automation-id="collapsible-component-cards-button"
          data-is-focusable="true"
          type="button"
        >
          <span
            class="ms-Button-flexContainer flexContainer-110"
            data-automationid="splitbuttonprimary"
          >
            <span
              class="collapsibleTitle"
            >
              <span
                class="rule-detail"
                data-automation-id="rule-detail"
              >
                <span
                  class="outcomeChipContainer"
                />
                <span>
                  <span
                    class="rule-details-id"
                    data-automation-id="cards-rule-id"
                  >
                    <strong>
                      some-rule
                    </strong>
                  </span>
                  : 
                  <span
                    class="rule-details-description"
                  >
                    sample-description
                  </span>
                </span>
              </span>
            </span>
          </span>
        </button>
      </h5>
    </div>
  </div>
</DocumentFragment>
`;

exports[`RulesWithInstances renders: RuleContent props 1`] = `undefined`;
