// Jest Snapshot v1, https://goo.gl/fbAQLP

exports[`RuleContent renders 1`] = `
<DocumentFragment>
  <mock-instancedetailsgroup
    rule="[object Object]"
  />
</DocumentFragment>
`;

exports[`RuleContent renders: InstanceDetailsGroup props 1`] = `
{
  "rule": {
    "id": "test-id",
  },
}
`;
