// Jest Snapshot v1, https://goo.gl/fbAQLP

exports[`SimpleCardRow renders 1`] = `
<DocumentFragment>
  test labeltest content
</DocumentFragment>
`;

exports[`SimpleCardRow renders with correct styling with extra class name 1`] = `
<DocumentFragment>
  test labeltest content
</DocumentFragment>
`;
