// Jest Snapshot v1, https://goo.gl/fbAQLP

exports[`SnippetCardRow renders 1`] = `
<DocumentFragment>
  Snippetsome snippet
</DocumentFragment>
`;
