// Jest Snapshot v1, https://goo.gl/fbAQLP

exports[`TextCardRow renders 1`] = `
<DocumentFragment>
  Texttest text
</DocumentFragment>
`;
