// Jest Snapshot v1, https://goo.gl/fbAQLP

exports[`UrlsCardRow renders with baseline-aware URLs 1`] = `
<DocumentFragment>
  <mock-simplecardrow
    content="[object Object]"
    label="URL"
    rowkey="urls-row--1"
  />
</DocumentFragment>
`;

exports[`UrlsCardRow renders with string-only URLs 1`] = `
<DocumentFragment>
  <mock-simplecardrow
    content="[object Object]"
    label="URL"
    rowkey="urls-row--1"
  />
</DocumentFragment>
`;
